// Jest Snapshot v1, https://goo.gl/fbAQLP

exports[`renders a character card 1`] = `
Object {
  "asFragment": [Function],
  "baseElement": <body>
    <div>
      <div
        class="c-ibSkSK"
      >
        <div
          class="image-container"
        >
          <span
            style="box-sizing: border-box; display: block; overflow: hidden; background: none; opacity: 1; border: 0px; margin: 0px; padding: 0px; position: absolute; top: 0px; left: 0px; bottom: 0px; right: 0px;"
          >
            <img
              alt="Morty Smith-image"
              data-nimg="fill"
              decoding="async"
              src="data:image/gif;base64,R0lGODlhAQABAIAAAAAAAP///yH5BAEAAAAALAAAAAABAAEAAAIBRAA7"
              style="position: absolute; top: 0px; left: 0px; bottom: 0px; right: 0px; box-sizing: border-box; padding: 0px; margin: auto; display: block; width: 0px; height: 0px; min-width: 100%; max-width: 100%; min-height: 100%; max-height: 100%;"
            />
            <noscript />
          </span>
        </div>
        <div
          class="character-details"
        >
          <div
            class="header"
          >
            <div
              class="flex left"
            >
              <h4
                class="name"
              >
                Morty Smith
              </h4>
              <p
                class="species"
              >
                Human
              </p>
            </div>
            <div
              class="c-lmEuKC c-lmEuKC-bmSCHF-status-alive"
            >
              <p>
                alive
              </p>
            </div>
          </div>
          <p
            class="last-location"
          >
            <span>
              Last seen at
            </span>
             
            <span
              class="location"
            >
              Citadel of Ricks
            </span>
          </p>
        </div>
      </div>
    </div>
  </body>,
  "container": <div>
    <div
      class="c-ibSkSK"
    >
      <div
        class="image-container"
      >
        <span
          style="box-sizing: border-box; display: block; overflow: hidden; background: none; opacity: 1; border: 0px; margin: 0px; padding: 0px; position: absolute; top: 0px; left: 0px; bottom: 0px; right: 0px;"
        >
          <img
            alt="Morty Smith-image"
            data-nimg="fill"
            decoding="async"
            src="data:image/gif;base64,R0lGODlhAQABAIAAAAAAAP///yH5BAEAAAAALAAAAAABAAEAAAIBRAA7"
            style="position: absolute; top: 0px; left: 0px; bottom: 0px; right: 0px; box-sizing: border-box; padding: 0px; margin: auto; display: block; width: 0px; height: 0px; min-width: 100%; max-width: 100%; min-height: 100%; max-height: 100%;"
          />
          <noscript />
        </span>
      </div>
      <div
        class="character-details"
      >
        <div
          class="header"
        >
          <div
            class="flex left"
          >
            <h4
              class="name"
            >
              Morty Smith
            </h4>
            <p
              class="species"
            >
              Human
            </p>
          </div>
          <div
            class="c-lmEuKC c-lmEuKC-bmSCHF-status-alive"
          >
            <p>
              alive
            </p>
          </div>
        </div>
        <p
          class="last-location"
        >
          <span>
            Last seen at
          </span>
           
          <span
            class="location"
          >
            Citadel of Ricks
          </span>
        </p>
      </div>
    </div>
  </div>,
  "debug": [Function],
  "findAllByAltText": [Function],
  "findAllByDisplayValue": [Function],
  "findAllByLabelText": [Function],
  "findAllByPlaceholderText": [Function],
  "findAllByRole": [Function],
  "findAllByTestId": [Function],
  "findAllByText": [Function],
  "findAllByTitle": [Function],
  "findByAltText": [Function],
  "findByDisplayValue": [Function],
  "findByLabelText": [Function],
  "findByPlaceholderText": [Function],
  "findByRole": [Function],
  "findByTestId": [Function],
  "findByText": [Function],
  "findByTitle": [Function],
  "getAllByAltText": [Function],
  "getAllByDisplayValue": [Function],
  "getAllByLabelText": [Function],
  "getAllByPlaceholderText": [Function],
  "getAllByRole": [Function],
  "getAllByTestId": [Function],
  "getAllByText": [Function],
  "getAllByTitle": [Function],
  "getByAltText": [Function],
  "getByDisplayValue": [Function],
  "getByLabelText": [Function],
  "getByPlaceholderText": [Function],
  "getByRole": [Function],
  "getByTestId": [Function],
  "getByText": [Function],
  "getByTitle": [Function],
  "queryAllByAltText": [Function],
  "queryAllByDisplayValue": [Function],
  "queryAllByLabelText": [Function],
  "queryAllByPlaceholderText": [Function],
  "queryAllByRole": [Function],
  "queryAllByTestId": [Function],
  "queryAllByText": [Function],
  "queryAllByTitle": [Function],
  "queryByAltText": [Function],
  "queryByDisplayValue": [Function],
  "queryByLabelText": [Function],
  "queryByPlaceholderText": [Function],
  "queryByRole": [Function],
  "queryByTestId": [Function],
  "queryByText": [Function],
  "queryByTitle": [Function],
  "rerender": [Function],
  "unmount": [Function],
}
`;
