// Jest Snapshot v1, https://goo.gl/fbAQLP

exports[`renders a filter with empty state 1`] = `
Object {
  "asFragment": [Function],
  "baseElement": <body>
    <div>
      <div
        class="c-chCaDx flex"
      >
        <div
          class="c-hiiSKh"
        >
          <p
            class="label"
          >
            status
          </p>
          <div
            class=" css-1ktriz-container"
            id="filter-select"
          >
            <span
              class="css-1f43avz-a11yText-A11yText"
              id="react-select-filter-select-live-region"
            />
            <span
              aria-atomic="false"
              aria-live="polite"
              aria-relevant="additions text"
              class="css-1f43avz-a11yText-A11yText"
            />
            <div
              class=" css-1s2u09g-control"
            >
              <div
                class=" css-319lph-ValueContainer"
              >
                <div
                  class=" css-l2btf2-placeholder"
                  id="react-select-filter-select-placeholder"
                >
                  Select a status
                </div>
                <div
                  class=" css-s6tp6q-Input"
                  data-value=""
                >
                  <input
                    aria-autocomplete="list"
                    aria-describedby="react-select-filter-select-placeholder"
                    aria-expanded="false"
                    aria-haspopup="true"
                    autocapitalize="none"
                    autocomplete="off"
                    autocorrect="off"
                    class=""
                    id="react-select-filter-select-input"
                    role="combobox"
                    spellcheck="false"
                    style="opacity: 1; width: 100%; grid-area: 1 / 2; min-width: 2px; border: 0px; margin: 0px; outline: 0; padding: 0px;"
                    tabindex="0"
                    type="text"
                    value=""
                  />
                </div>
              </div>
              <div
                class=" css-1hb7zxy-IndicatorsContainer"
              >
                <span
                  class=" css-1okebmr-indicatorSeparator"
                />
                <div
                  aria-hidden="true"
                  class=" css-tlfecz-indicatorContainer"
                >
                  <svg
                    aria-hidden="true"
                    class="css-tj5bde-Svg"
                    focusable="false"
                    height="20"
                    viewBox="0 0 20 20"
                    width="20"
                  >
                    <path
                      d="M4.516 7.548c0.436-0.446 1.043-0.481 1.576 0l3.908 3.747 3.908-3.747c0.533-0.481 1.141-0.446 1.574 0 0.436 0.445 0.408 1.197 0 1.615-0.406 0.418-4.695 4.502-4.695 4.502-0.217 0.223-0.502 0.335-0.787 0.335s-0.57-0.112-0.789-0.335c0 0-4.287-4.084-4.695-4.502s-0.436-1.17 0-1.615z"
                    />
                  </svg>
                </div>
              </div>
            </div>
          </div>
        </div>
        <div
          class="c-hiiSKh"
        >
          <p
            class="label"
          >
            species
          </p>
          <div
            class=" css-1ktriz-container"
            id="filter-select"
          >
            <span
              class="css-1f43avz-a11yText-A11yText"
              id="react-select-filter-select-live-region"
            />
            <span
              aria-atomic="false"
              aria-live="polite"
              aria-relevant="additions text"
              class="css-1f43avz-a11yText-A11yText"
            />
            <div
              class=" css-1s2u09g-control"
            >
              <div
                class=" css-319lph-ValueContainer"
              >
                <div
                  class=" css-l2btf2-placeholder"
                  id="react-select-filter-select-placeholder"
                >
                  Select a species
                </div>
                <div
                  class=" css-s6tp6q-Input"
                  data-value=""
                >
                  <input
                    aria-autocomplete="list"
                    aria-describedby="react-select-filter-select-placeholder"
                    aria-expanded="false"
                    aria-haspopup="true"
                    autocapitalize="none"
                    autocomplete="off"
                    autocorrect="off"
                    class=""
                    id="react-select-filter-select-input"
                    role="combobox"
                    spellcheck="false"
                    style="opacity: 1; width: 100%; grid-area: 1 / 2; min-width: 2px; border: 0px; margin: 0px; outline: 0; padding: 0px;"
                    tabindex="0"
                    type="text"
                    value=""
                  />
                </div>
              </div>
              <div
                class=" css-1hb7zxy-IndicatorsContainer"
              >
                <span
                  class=" css-1okebmr-indicatorSeparator"
                />
                <div
                  aria-hidden="true"
                  class=" css-tlfecz-indicatorContainer"
                >
                  <svg
                    aria-hidden="true"
                    class="css-tj5bde-Svg"
                    focusable="false"
                    height="20"
                    viewBox="0 0 20 20"
                    width="20"
                  >
                    <path
                      d="M4.516 7.548c0.436-0.446 1.043-0.481 1.576 0l3.908 3.747 3.908-3.747c0.533-0.481 1.141-0.446 1.574 0 0.436 0.445 0.408 1.197 0 1.615-0.406 0.418-4.695 4.502-4.695 4.502-0.217 0.223-0.502 0.335-0.787 0.335s-0.57-0.112-0.789-0.335c0 0-4.287-4.084-4.695-4.502s-0.436-1.17 0-1.615z"
                    />
                  </svg>
                </div>
              </div>
            </div>
          </div>
        </div>
        <div
          class="c-hiiSKh"
        >
          <p
            class="label"
          >
            gender
          </p>
          <div
            class=" css-1ktriz-container"
            id="filter-select"
          >
            <span
              class="css-1f43avz-a11yText-A11yText"
              id="react-select-filter-select-live-region"
            />
            <span
              aria-atomic="false"
              aria-live="polite"
              aria-relevant="additions text"
              class="css-1f43avz-a11yText-A11yText"
            />
            <div
              class=" css-1s2u09g-control"
            >
              <div
                class=" css-319lph-ValueContainer"
              >
                <div
                  class=" css-l2btf2-placeholder"
                  id="react-select-filter-select-placeholder"
                >
                  Select a gender
                </div>
                <div
                  class=" css-s6tp6q-Input"
                  data-value=""
                >
                  <input
                    aria-autocomplete="list"
                    aria-describedby="react-select-filter-select-placeholder"
                    aria-expanded="false"
                    aria-haspopup="true"
                    autocapitalize="none"
                    autocomplete="off"
                    autocorrect="off"
                    class=""
                    id="react-select-filter-select-input"
                    role="combobox"
                    spellcheck="false"
                    style="opacity: 1; width: 100%; grid-area: 1 / 2; min-width: 2px; border: 0px; margin: 0px; outline: 0; padding: 0px;"
                    tabindex="0"
                    type="text"
                    value=""
                  />
                </div>
              </div>
              <div
                class=" css-1hb7zxy-IndicatorsContainer"
              >
                <span
                  class=" css-1okebmr-indicatorSeparator"
                />
                <div
                  aria-hidden="true"
                  class=" css-tlfecz-indicatorContainer"
                >
                  <svg
                    aria-hidden="true"
                    class="css-tj5bde-Svg"
                    focusable="false"
                    height="20"
                    viewBox="0 0 20 20"
                    width="20"
                  >
                    <path
                      d="M4.516 7.548c0.436-0.446 1.043-0.481 1.576 0l3.908 3.747 3.908-3.747c0.533-0.481 1.141-0.446 1.574 0 0.436 0.445 0.408 1.197 0 1.615-0.406 0.418-4.695 4.502-4.695 4.502-0.217 0.223-0.502 0.335-0.787 0.335s-0.57-0.112-0.789-0.335c0 0-4.287-4.084-4.695-4.502s-0.436-1.17 0-1.615z"
                    />
                  </svg>
                </div>
              </div>
            </div>
          </div>
        </div>
        <button>
          Clear All
        </button>
      </div>
    </div>
  </body>,
  "container": <div>
    <div
      class="c-chCaDx flex"
    >
      <div
        class="c-hiiSKh"
      >
        <p
          class="label"
        >
          status
        </p>
        <div
          class=" css-1ktriz-container"
          id="filter-select"
        >
          <span
            class="css-1f43avz-a11yText-A11yText"
            id="react-select-filter-select-live-region"
          />
          <span
            aria-atomic="false"
            aria-live="polite"
            aria-relevant="additions text"
            class="css-1f43avz-a11yText-A11yText"
          />
          <div
            class=" css-1s2u09g-control"
          >
            <div
              class=" css-319lph-ValueContainer"
            >
              <div
                class=" css-l2btf2-placeholder"
                id="react-select-filter-select-placeholder"
              >
                Select a status
              </div>
              <div
                class=" css-s6tp6q-Input"
                data-value=""
              >
                <input
                  aria-autocomplete="list"
                  aria-describedby="react-select-filter-select-placeholder"
                  aria-expanded="false"
                  aria-haspopup="true"
                  autocapitalize="none"
                  autocomplete="off"
                  autocorrect="off"
                  class=""
                  id="react-select-filter-select-input"
                  role="combobox"
                  spellcheck="false"
                  style="opacity: 1; width: 100%; grid-area: 1 / 2; min-width: 2px; border: 0px; margin: 0px; outline: 0; padding: 0px;"
                  tabindex="0"
                  type="text"
                  value=""
                />
              </div>
            </div>
            <div
              class=" css-1hb7zxy-IndicatorsContainer"
            >
              <span
                class=" css-1okebmr-indicatorSeparator"
              />
              <div
                aria-hidden="true"
                class=" css-tlfecz-indicatorContainer"
              >
                <svg
                  aria-hidden="true"
                  class="css-tj5bde-Svg"
                  focusable="false"
                  height="20"
                  viewBox="0 0 20 20"
                  width="20"
                >
                  <path
                    d="M4.516 7.548c0.436-0.446 1.043-0.481 1.576 0l3.908 3.747 3.908-3.747c0.533-0.481 1.141-0.446 1.574 0 0.436 0.445 0.408 1.197 0 1.615-0.406 0.418-4.695 4.502-4.695 4.502-0.217 0.223-0.502 0.335-0.787 0.335s-0.57-0.112-0.789-0.335c0 0-4.287-4.084-4.695-4.502s-0.436-1.17 0-1.615z"
                  />
                </svg>
              </div>
            </div>
          </div>
        </div>
      </div>
      <div
        class="c-hiiSKh"
      >
        <p
          class="label"
        >
          species
        </p>
        <div
          class=" css-1ktriz-container"
          id="filter-select"
        >
          <span
            class="css-1f43avz-a11yText-A11yText"
            id="react-select-filter-select-live-region"
          />
          <span
            aria-atomic="false"
            aria-live="polite"
            aria-relevant="additions text"
            class="css-1f43avz-a11yText-A11yText"
          />
          <div
            class=" css-1s2u09g-control"
          >
            <div
              class=" css-319lph-ValueContainer"
            >
              <div
                class=" css-l2btf2-placeholder"
                id="react-select-filter-select-placeholder"
              >
                Select a species
              </div>
              <div
                class=" css-s6tp6q-Input"
                data-value=""
              >
                <input
                  aria-autocomplete="list"
                  aria-describedby="react-select-filter-select-placeholder"
                  aria-expanded="false"
                  aria-haspopup="true"
                  autocapitalize="none"
                  autocomplete="off"
                  autocorrect="off"
                  class=""
                  id="react-select-filter-select-input"
                  role="combobox"
                  spellcheck="false"
                  style="opacity: 1; width: 100%; grid-area: 1 / 2; min-width: 2px; border: 0px; margin: 0px; outline: 0; padding: 0px;"
                  tabindex="0"
                  type="text"
                  value=""
                />
              </div>
            </div>
            <div
              class=" css-1hb7zxy-IndicatorsContainer"
            >
              <span
                class=" css-1okebmr-indicatorSeparator"
              />
              <div
                aria-hidden="true"
                class=" css-tlfecz-indicatorContainer"
              >
                <svg
                  aria-hidden="true"
                  class="css-tj5bde-Svg"
                  focusable="false"
                  height="20"
                  viewBox="0 0 20 20"
                  width="20"
                >
                  <path
                    d="M4.516 7.548c0.436-0.446 1.043-0.481 1.576 0l3.908 3.747 3.908-3.747c0.533-0.481 1.141-0.446 1.574 0 0.436 0.445 0.408 1.197 0 1.615-0.406 0.418-4.695 4.502-4.695 4.502-0.217 0.223-0.502 0.335-0.787 0.335s-0.57-0.112-0.789-0.335c0 0-4.287-4.084-4.695-4.502s-0.436-1.17 0-1.615z"
                  />
                </svg>
              </div>
            </div>
          </div>
        </div>
      </div>
      <div
        class="c-hiiSKh"
      >
        <p
          class="label"
        >
          gender
        </p>
        <div
          class=" css-1ktriz-container"
          id="filter-select"
        >
          <span
            class="css-1f43avz-a11yText-A11yText"
            id="react-select-filter-select-live-region"
          />
          <span
            aria-atomic="false"
            aria-live="polite"
            aria-relevant="additions text"
            class="css-1f43avz-a11yText-A11yText"
          />
          <div
            class=" css-1s2u09g-control"
          >
            <div
              class=" css-319lph-ValueContainer"
            >
              <div
                class=" css-l2btf2-placeholder"
                id="react-select-filter-select-placeholder"
              >
                Select a gender
              </div>
              <div
                class=" css-s6tp6q-Input"
                data-value=""
              >
                <input
                  aria-autocomplete="list"
                  aria-describedby="react-select-filter-select-placeholder"
                  aria-expanded="false"
                  aria-haspopup="true"
                  autocapitalize="none"
                  autocomplete="off"
                  autocorrect="off"
                  class=""
                  id="react-select-filter-select-input"
                  role="combobox"
                  spellcheck="false"
                  style="opacity: 1; width: 100%; grid-area: 1 / 2; min-width: 2px; border: 0px; margin: 0px; outline: 0; padding: 0px;"
                  tabindex="0"
                  type="text"
                  value=""
                />
              </div>
            </div>
            <div
              class=" css-1hb7zxy-IndicatorsContainer"
            >
              <span
                class=" css-1okebmr-indicatorSeparator"
              />
              <div
                aria-hidden="true"
                class=" css-tlfecz-indicatorContainer"
              >
                <svg
                  aria-hidden="true"
                  class="css-tj5bde-Svg"
                  focusable="false"
                  height="20"
                  viewBox="0 0 20 20"
                  width="20"
                >
                  <path
                    d="M4.516 7.548c0.436-0.446 1.043-0.481 1.576 0l3.908 3.747 3.908-3.747c0.533-0.481 1.141-0.446 1.574 0 0.436 0.445 0.408 1.197 0 1.615-0.406 0.418-4.695 4.502-4.695 4.502-0.217 0.223-0.502 0.335-0.787 0.335s-0.57-0.112-0.789-0.335c0 0-4.287-4.084-4.695-4.502s-0.436-1.17 0-1.615z"
                  />
                </svg>
              </div>
            </div>
          </div>
        </div>
      </div>
      <button>
        Clear All
      </button>
    </div>
  </div>,
  "debug": [Function],
  "findAllByAltText": [Function],
  "findAllByDisplayValue": [Function],
  "findAllByLabelText": [Function],
  "findAllByPlaceholderText": [Function],
  "findAllByRole": [Function],
  "findAllByTestId": [Function],
  "findAllByText": [Function],
  "findAllByTitle": [Function],
  "findByAltText": [Function],
  "findByDisplayValue": [Function],
  "findByLabelText": [Function],
  "findByPlaceholderText": [Function],
  "findByRole": [Function],
  "findByTestId": [Function],
  "findByText": [Function],
  "findByTitle": [Function],
  "getAllByAltText": [Function],
  "getAllByDisplayValue": [Function],
  "getAllByLabelText": [Function],
  "getAllByPlaceholderText": [Function],
  "getAllByRole": [Function],
  "getAllByTestId": [Function],
  "getAllByText": [Function],
  "getAllByTitle": [Function],
  "getByAltText": [Function],
  "getByDisplayValue": [Function],
  "getByLabelText": [Function],
  "getByPlaceholderText": [Function],
  "getByRole": [Function],
  "getByTestId": [Function],
  "getByText": [Function],
  "getByTitle": [Function],
  "queryAllByAltText": [Function],
  "queryAllByDisplayValue": [Function],
  "queryAllByLabelText": [Function],
  "queryAllByPlaceholderText": [Function],
  "queryAllByRole": [Function],
  "queryAllByTestId": [Function],
  "queryAllByText": [Function],
  "queryAllByTitle": [Function],
  "queryByAltText": [Function],
  "queryByDisplayValue": [Function],
  "queryByLabelText": [Function],
  "queryByPlaceholderText": [Function],
  "queryByRole": [Function],
  "queryByTestId": [Function],
  "queryByText": [Function],
  "queryByTitle": [Function],
  "rerender": [Function],
  "unmount": [Function],
}
`;
